{"type": "hello", "image": "bench", "format": "brainscape-hil/1", "soundRevision": 1, "build": {"commit": "a91aa8ad64c7", "dirty": false, "appType": "BOOT_QSPI", "libDaisy": "v9.0.0 08087203debc646d3710ec8caa35bac6cf20ab5e", "toolchain": "arm-none-eabi-gcc 10.3.1 20210824 (release)", "engineArchiveSha256": "4f4ddaa3583e46f29b84a008f5a80ad0938cacf05f2e961f70b1595ebf69da58", "hooksArchiveSha256": "da7b4f2e9b44aef70f52ab404b95f9d1015a9bd0996c462ed26c521cd1875a4f", "engineToolchain": {"compiler": "gcc", "version": "10.3.1 20210824 (release)", "target": "armv7e-m-none", "fpFlags": "-fno-fast-math -ffp-contract=off -fno-math-errno -mcpu=cortex-m7 -mthumb -mfpu=fpv5-d16 -mfloat-abi=hard -ffp-contract=off -fno-math-errno", "fpFlagsHash": "b5dd86f24f5deffa"}}, "board": {"version": "Daisy Seed 1.2 / rev7 (PCM3060; PD5 strap)", "rev7": true, "sysclkHz": 480000000, "hclkHz": 240000000, "bootRegion": "QSPI flash", "bootloader": "Daisy bootloader >= v6.1", "audio": {"sampleRate": 48000, "saiRate48k": true, "blockSize": 48, "bitDepth": 24, "codec": "PCM3060 (hardware mode, reset on PB11)"}, "cpuid": "0x411FC271", "idcode": "0x20036450"}, "fp": {"fpscr": "0x00000010", "fpdscr": "0x00000000", "fpccr": "0xC0000078"}, "cpu": {"ccr": "0x00070200", "icache": true, "dcache": true, "mpuCtrl": "0x00000005", "mpu": [{"region": 0, "rbar": "0x30000000", "rasr": "0x030C001D"}, {"region": 1, "rbar": "0xC0000001", "rasr": "0x03030033"}, {"region": 2, "rbar": "0x38800002", "rasr": "0x030C0017"}], "qspi": {"cr": "0x01400001", "dcr": "0x00160100", "ccr": "0x1F18EDEB"}, "memFunctions": {"source": "firmware/platform/MemFunctions.c (word-wise)", "memset": "0x0000A971", "in": "ITCM"}}, "lastFault": null, "uptimeMs": 3445, "memory": {"image": {"start": "0x90040000", "bytes": 220692}, "text": {"start": "0x9004ADB0", "bytes": 174600}, "data": {"start": "0x2402A400", "bytes": 1572}, "bss": {"start": "0x2402AA28", "bytes": 37792}, "dtcmArenas": {"start": "0x20000000", "bytes": 33792}, "axiArenas": {"start": "0x24000000", "bytes": 173056}, "d2Dma": {"start": "0x30000000", "bytes": 16384}, "sdramArenas": {"start": "0xC0000000", "bytes": 18941792}, "heap": {"start": "0xC1210760", "bytes": 48167072, "used": 143412}, "stackTop": "0x20020000", "hot": {"start": "0x20002400", "bytes": 24576}, "engine": {"start": "0x20000800", "bytes": 7168}, "warm": {"start": "0x24008400", "bytes": 139264}, "bulk": {"start": "0xC0110760", "bytes": 17825792}}, "target": "brainscape_bench", "engineCode": "ITCM", "hooks": false}
{"type":"bench-begin","suite":"run","target":"brainscape_bench","engineCode":"ITCM","hooks":false,"clockHz":480000000,"blockFrames":48,"budgetCyclesPerBlock":480000,"measurementOverhead":1,"engineArchiveSha256":"4f4ddaa3583e46f29b84a008f5a80ad0938cacf05f2e961f70b1595ebf69da58","firmwareCommit":"a91aa8ad64c7","firmwareDirty":false,"cpu":{"ccr":"0x00070200","icache":true,"dcache":true,"mpuCtrl":"0x00000005","mpu":[{"region":0,"rbar":"0x30000000","rasr":"0x030C001D"},{"region":1,"rbar":"0xC0000001","rasr":"0x03030033"},{"region":2,"rbar":"0x38800002","rasr":"0x030C0017"}],"qspi":{"cr":"0x01400001","dcr":"0x00160100","ccr":"0x1F18EDEB"},"memFunctions":{"source":"firmware/platform/MemFunctions.c (word-wise)","memset":"0x0000A971","in":"ITCM"}}}
{"type":"memory","hotBytes":16768,"warmBytes":129680,"bulkBytes":17545216,"engineBytes":6656,"hotArena":24576,"warmArena":139264,"bulkArena":17825792,"engineSlot":7168,"map":{"image":{"start":"0x90040000","bytes":220692},"text":{"start":"0x9004ADB0","bytes":174600},"data":{"start":"0x2402A400","bytes":1572},"bss":{"start":"0x2402AA28","bytes":37792},"dtcmArenas":{"start":"0x20000000","bytes":33792},"axiArenas":{"start":"0x24000000","bytes":173056},"d2Dma":{"start":"0x30000000","bytes":16384},"sdramArenas":{"start":"0xC0000000","bytes":18941792},"heap":{"start":"0xC1210760","bytes":48167072,"used":143412},"stackTop":"0x20020000","hot":{"start":"0x20002400","bytes":24576},"engine":{"start":"0x20000800","bytes":7168},"warm":{"start":"0x24008400","bytes":139264},"bulk":{"start":"0xC0110760","bytes":17825792}}}
{"type":"micro","name":"vmul normal","fz":0,"instructions":160000,"cycles":480528}
{"type":"micro","name":"vmul normal","fz":1,"instructions":160000,"cycles":480409}
{"type":"micro","name":"vmul subnormal operand and result","fz":0,"instructions":160000,"cycles":480177}
{"type":"micro","name":"vmul subnormal operand and result","fz":1,"instructions":160000,"cycles":480176}
{"type":"micro","name":"vmul pair, normal throughout","fz":0,"instructions":160000,"cycles":480533}
{"type":"micro","name":"vmul pair, normal throughout","fz":1,"instructions":160000,"cycles":480008}
{"type":"micro","name":"vmul pair, every other result subnormal (underflow)","fz":0,"instructions":160000,"cycles":480822}
{"type":"micro","name":"vmul pair, every other result subnormal (underflow)","fz":1,"instructions":160000,"cycles":480007}
{"type":"micro","name":"vadd normal (+0)","fz":0,"instructions":160000,"cycles":480463}
{"type":"micro","name":"vadd normal (+0)","fz":1,"instructions":160000,"cycles":480007}
{"type":"micro","name":"vadd subnormal operand and result (+0)","fz":0,"instructions":160000,"cycles":480007}
{"type":"micro","name":"vadd subnormal operand and result (+0)","fz":1,"instructions":160000,"cycles":480006}
{"type":"micro","name":"vadd/vsub pair, normal throughout","fz":0,"instructions":160000,"cycles":480859}
{"type":"micro","name":"vadd/vsub pair, normal throughout","fz":1,"instructions":160000,"cycles":480006}
{"type":"micro","name":"vadd/vsub pair, subnormal operands and results (nonzero addend)","fz":0,"instructions":160000,"cycles":480273}
{"type":"micro","name":"vadd/vsub pair, subnormal operands and results (nonzero addend)","fz":1,"instructions":160000,"cycles":480006}
{"type":"micro","name":"vdiv normal","fz":0,"instructions":160000,"cycles":2880774}
{"type":"micro","name":"vdiv normal","fz":1,"instructions":160000,"cycles":2880344}
{"type":"micro","name":"vdiv subnormal dividend and result","fz":0,"instructions":160000,"cycles":2880198}
{"type":"micro","name":"vdiv subnormal dividend and result","fz":1,"instructions":160000,"cycles":640005}
{"type":"micro","name":"vsqrt normal","fz":0,"instructions":160000,"cycles":2240364}
{"type":"micro","name":"vsqrt normal","fz":1,"instructions":160000,"cycles":2240156}
{"type":"micro","name":"vsqrt subnormal operand","fz":0,"instructions":160000,"cycles":2240191}
{"type":"micro","name":"vsqrt subnormal operand","fz":1,"instructions":160000,"cycles":160063}
{"type":"micro","name":"vmul.f64 normal","fz":0,"instructions":160000,"cycles":1120404}
{"type":"micro","name":"vmul.f64 normal","fz":1,"instructions":160000,"cycles":1120260}
{"type":"flush-micro","form":"none","chains":8,"updates":80000,"cycles":171405}
{"type":"flush-micro","form":"bit test (engine, FlushTiny.h)","chains":8,"updates":80000,"cycles":332800}
{"type":"flush-micro","form":"two compares","chains":8,"updates":80000,"cycles":983311}
{"type":"flush-micro","form":"none","chains":1,"updates":10000,"cycles":60524}
{"type":"flush-micro","form":"bit test (engine, FlushTiny.h)","chains":1,"updates":10000,"cycles":100788}
{"type":"flush-micro","form":"two compares","chains":1,"updates":10000,"cycles":140388}
{"type":"restart","op":"Restart","state":"after 2 s of rendering","cycles":22645866}
{"type":"restart","op":"Restart","state":"again, nothing rendered since (skips the clears)","cycles":9279}
{"type":"restart","op":"LoadPreset(Exact)","state":"after 2 s of rendering","cycles":22640272}
{"type":"restart","op":"Reset","state":"after 2 s of rendering (real-time subset)","cycles":20487}
{"type":"restart","op":"ClearHistory","state":"after rendering","cycles":22622276}
{"type":"restart","op":"raw clear, 16 MiB SDRAM","state":"memset (platform/MemFunctions.c)","cycles":21586568}
{"type":"restart","op":"raw clear, 16 MiB SDRAM","state":"STM loop, 8 registers (hardware floor)","cycles":21585334}
{"type":"restart","op":"Init","state":"canonical config, maxBlockSize 48","cycles":24065117}
{"type":"blocks","config":"default","input":"plucks_12s","cache":"warm","forceFlush":false,"exactLoad":true,"blocks":10000,"frames":480000,"sum":912935196,"mean":91293,"min":32299,"p50":74150,"p90":170903,"p99":175887,"p999":196598,"max":198609,"maxBlock":9834,"hash":"fec44a870dc323a07917605708876821b20217e94b130e4f69ed428cd72f232e"}
{"type":"blocks","config":"default","input":"plucks_12s","cache":"cold","forceFlush":false,"exactLoad":true,"blocks":10000,"frames":480000,"sum":934895336,"mean":93489,"min":33355,"p50":76535,"p90":172710,"p99":177965,"p999":198531,"max":200800,"maxBlock":9834,"hash":"fec44a870dc323a07917605708876821b20217e94b130e4f69ed428cd72f232e"}
{"type":"blocks","config":"nominal","input":"strums_16s","cache":"warm","forceFlush":false,"exactLoad":true,"blocks":10000,"frames":480000,"sum":3731286662,"mean":373128,"min":109848,"p50":355426,"p90":459093,"p99":469876,"p999":474458,"max":475914,"maxBlock":2933,"hash":"f8fa8b39c1cd4767801f9534f778895ef3e64ecf14eb44d5a399bdf35c0bd8ca"}
{"type":"blocks","config":"nominal","input":"strums_16s","cache":"cold","forceFlush":false,"exactLoad":true,"blocks":10000,"frames":480000,"sum":3797050884,"mean":379705,"min":106876,"p50":362906,"p90":461380,"p99":472973,"p999":477696,"max":481350,"maxBlock":7434,"hash":"f8fa8b39c1cd4767801f9534f778895ef3e64ecf14eb44d5a399bdf35c0bd8ca"}
{"type":"blocks","config":"pess_render","input":"onset_bursts_6s","cache":"warm","forceFlush":false,"exactLoad":true,"blocks":6000,"frames":288000,"sum":2609962192,"mean":434993,"min":120817,"p50":443106,"p90":532044,"p99":609537,"p999":636183,"max":650586,"maxBlock":1482,"hash":"d97c14dec7813eb032f32a441132364b0c271f6e45d5e69658f77be903b4acea"}
{"type":"blocks","config":"pess_render","input":"onset_bursts_6s","cache":"cold","forceFlush":false,"exactLoad":true,"blocks":6000,"frames":288000,"sum":2616593310,"mean":436098,"min":119316,"p50":444025,"p90":533423,"p99":612146,"p999":639170,"max":653560,"maxBlock":1482,"hash":"d97c14dec7813eb032f32a441132364b0c271f6e45d5e69658f77be903b4acea"}
{"type":"blocks","config":"pess_births","input":"onset_bursts_6s","cache":"warm","forceFlush":false,"exactLoad":true,"blocks":6000,"frames":288000,"sum":3443933614,"mean":573988,"min":341233,"p50":566620,"p90":664036,"p99":734391,"p999":772429,"max":808657,"maxBlock":5007,"hash":"df87b7b784e4478290026683955dca8ee293b758dbae6fabb68dd9d9000acf54"}
{"type":"blocks","config":"pess_births","input":"onset_bursts_6s","cache":"cold","forceFlush":false,"exactLoad":true,"blocks":6000,"frames":288000,"sum":3468644284,"mean":578107,"min":334710,"p50":570554,"p90":668024,"p99":738539,"p999":776045,"max":811067,"maxBlock":5007,"hash":"df87b7b784e4478290026683955dca8ee293b758dbae6fabb68dd9d9000acf54"}
{"type":"blocks","config":"pess_events: sweeps every block, triggers, freeze, loads","input":"strums_16s","cache":"warm","forceFlush":false,"exactLoad":true,"blocks":10000,"frames":480000,"sum":4282340723,"mean":428234,"min":229774,"p50":412205,"p90":505734,"p99":566970,"p999":622319,"max":702268,"maxBlock":8010,"hash":"1ecde7518d6d3107f4bb2e833c2e956e25ed49bc7d808d6d2f89fa92fecc760b","eventsPushed":30177,"eventsRefused":0}
{"type":"blocks","config":"pess_events: sweeps every block, triggers, freeze, loads","input":"strums_16s","cache":"cold","forceFlush":false,"exactLoad":true,"blocks":10000,"frames":480000,"sum":4315945699,"mean":431594,"min":231044,"p50":415305,"p90":508366,"p99":570191,"p999":630831,"max":709727,"maxBlock":8010,"hash":"1ecde7518d6d3107f4bb2e833c2e956e25ed49bc7d808d6d2f89fa92fecc760b","eventsPushed":30177,"eventsRefused":0}
{"type":"blocks","config":"corpus:tail_post_fb","input":"strums_16s","cache":"warm","forceFlush":false,"exactLoad":true,"blocks":10000,"frames":480000,"sum":1519433369,"mean":151943,"min":91480,"p50":134388,"p90":232641,"p99":237439,"p999":258767,"max":261325,"maxBlock":421,"hash":"614061f18189722a93ccda2bc56b9f6f92be66161e695f8cdccd955b1581eb6d"}
{"type":"blocks","config":"corpus:tail_post_fb","input":"strums_16s","cache":"cold","forceFlush":false,"exactLoad":true,"blocks":10000,"frames":480000,"sum":1528619271,"mean":152861,"min":92450,"p50":135710,"p90":232387,"p99":237579,"p999":257941,"max":260736,"maxBlock":3957,"hash":"614061f18189722a93ccda2bc56b9f6f92be66161e695f8cdccd955b1581eb6d"}
{"type":"blocks","config":"corpus:pitch_reverse_spray","input":"plucks_12s","cache":"warm","forceFlush":false,"exactLoad":true,"blocks":10000,"frames":480000,"sum":2631532070,"mean":263153,"min":41146,"p50":252948,"p90":343581,"p99":384373,"p999":394823,"max":406263,"maxBlock":5429,"hash":"63d31573231e93638864ddad7e2f267144075eb51ec9929fd1b8db3cb9569b81"}
{"type":"blocks","config":"corpus:pitch_reverse_spray","input":"plucks_12s","cache":"cold","forceFlush":false,"exactLoad":true,"blocks":10000,"frames":480000,"sum":2651803971,"mean":265180,"min":42203,"p50":255205,"p90":345042,"p99":385784,"p999":395831,"max":406989,"maxBlock":5429,"hash":"63d31573231e93638864ddad7e2f267144075eb51ec9929fd1b8db3cb9569b81"}
{"type":"blocks","config":"corpus:max_delay_spray_rev_up24","input":"plucks_12s","cache":"warm","forceFlush":false,"exactLoad":true,"blocks":10000,"frames":480000,"sum":1200405333,"mean":120040,"min":35035,"p50":105449,"p90":199777,"p99":206470,"p999":228785,"max":231851,"maxBlock":4261,"hash":"0fb8ae171f75d9fdfd926b957e10fbcf7003a712da7147766b665accde91f5e0"}
{"type":"blocks","config":"corpus:max_delay_spray_rev_up24","input":"plucks_12s","cache":"cold","forceFlush":false,"exactLoad":true,"blocks":10000,"frames":480000,"sum":1209887120,"mean":120988,"min":36375,"p50":106468,"p90":200738,"p99":207365,"p999":229577,"max":231663,"maxBlock":4213,"hash":"0fb8ae171f75d9fdfd926b957e10fbcf7003a712da7147766b665accde91f5e0"}
{"type":"blocks","config":"corpus:dense_1ms","input":"onset_bursts_6s","cache":"warm","forceFlush":false,"exactLoad":true,"blocks":6000,"frames":288000,"sum":2303239801,"mean":383873,"min":211409,"p50":374428,"p90":466890,"p99":518654,"p999":543676,"max":569420,"maxBlock":5007,"hash":"12dde00953562d4781a4aab106746f069392940922c9fbc67b217b9414001903"}
{"type":"blocks","config":"corpus:dense_1ms","input":"onset_bursts_6s","cache":"cold","forceFlush":false,"exactLoad":true,"blocks":6000,"frames":288000,"sum":2337889101,"mean":389648,"min":212619,"p50":380613,"p90":471167,"p99":523105,"p999":547861,"max":574777,"maxBlock":5007,"hash":"12dde00953562d4781a4aab106746f069392940922c9fbc67b217b9414001903"}
{"type":"stage","config":"stages:all stages","input":"onset_bursts_6s","cache":"warm","forceFlush":false,"exactLoad":true,"blocks":6000,"frames":288000,"sum":2609999261,"mean":434999,"min":119728,"p50":443089,"p90":532638,"p99":610108,"p999":636769,"max":651165,"maxBlock":3402,"hash":"d97c14dec7813eb032f32a441132364b0c271f6e45d5e69658f77be903b4acea"}
{"type":"stage","config":"stages:-modulation","input":"onset_bursts_6s","cache":"warm","forceFlush":false,"exactLoad":true,"blocks":6000,"frames":288000,"sum":2554623919,"mean":425770,"min":111816,"p50":433829,"p90":523773,"p99":600841,"p999":627136,"max":642054,"maxBlock":1482,"hash":"a088b40912086271a7f7aff3cbe84f102a5ae663796a7fc9cd18265aafac5ca0"}
{"type":"stage","config":"stages:-post delay","input":"onset_bursts_6s","cache":"warm","forceFlush":false,"exactLoad":true,"blocks":6000,"frames":288000,"sum":2518099925,"mean":419683,"min":103896,"p50":427890,"p90":517014,"p99":593699,"p999":620544,"max":635746,"maxBlock":1482,"hash":"cf4732812602dbd7d984ab715bbb4b8ca2441f4212d0d02d9dbd7c47d8a0404d"}
{"type":"stage","config":"stages:-reverb","input":"onset_bursts_6s","cache":"warm","forceFlush":false,"exactLoad":true,"blocks":6000,"frames":288000,"sum":2449105973,"mean":408184,"min":91879,"p50":416065,"p90":506035,"p99":583835,"p999":609759,"max":623929,"maxBlock":1482,"hash":"6d39c847192a052929d58dc640fe50d1753fb77a00ec36fd560548a48c06e959"}
{"type":"stage","config":"stages:-filter","input":"onset_bursts_6s","cache":"warm","forceFlush":false,"exactLoad":true,"blocks":6000,"frames":288000,"sum":2552464231,"mean":425410,"min":110447,"p50":433362,"p90":523213,"p99":598628,"p999":625971,"max":640383,"maxBlock":1482,"hash":"b82ca23fafb2866d2a7afead7bb9aa9c61b4512627765e708051016ab09ef8fa"}
{"type":"stage","config":"stages:-feedback","input":"onset_bursts_6s","cache":"warm","forceFlush":false,"exactLoad":true,"blocks":6000,"frames":288000,"sum":2590508793,"mean":431751,"min":120681,"p50":440096,"p90":529591,"p99":606493,"p999":634689,"max":646276,"maxBlock":1482,"hash":"df233c3e5fbd9a36fe0d25037fb747b762fcc6e015dea24376605a1d20a18097"}
{"type":"stage","config":"stages:-onset grains and marks","input":"onset_bursts_6s","cache":"warm","forceFlush":false,"exactLoad":true,"blocks":6000,"frames":288000,"sum":2856338511,"mean":476056,"min":119875,"p50":469325,"p90":561798,"p99":615050,"p999":644117,"max":664420,"maxBlock":2629,"hash":"683d2138baa8cd9bcc11f62bf0424301857c7c1f336e9ef62ce975c41eff4702"}
{"type":"stage","config":"stages:-pitch (r = 1)","input":"onset_bursts_6s","cache":"warm","forceFlush":false,"exactLoad":true,"blocks":6000,"frames":288000,"sum":2456685140,"mean":409447,"min":115968,"p50":401302,"p90":493701,"p99":540701,"p999":559406,"max":579651,"maxBlock":3647,"hash":"4b02cf5a4d5a989fa0e524b73e95c2fc2b878ea292e5303f09cdd76010739469"}
{"type":"stage","config":"stages:-grains (1 voice)","input":"onset_bursts_6s","cache":"warm","forceFlush":false,"exactLoad":true,"blocks":6000,"frames":288000,"sum":723808439,"mean":120634,"min":87882,"p50":100124,"p90":200438,"p99":222410,"p999":223553,"max":227043,"maxBlock":5077,"hash":"8863887078fec8ba5041165633d5526d8d2467fb522b448f996bff41b017f0a5"}
{"type":"births","config":"births:48 voices, 1 ms","input":"plucks_12s","cache":"warm","forceFlush":false,"exactLoad":true,"blocks":10000,"frames":480000,"sum":5919002290,"mean":591900,"min":366885,"p50":570890,"p90":687093,"p99":694138,"p999":699354,"max":703430,"maxBlock":122,"hash":"a063f1882cd15738b99a6c9af69d462c344500549203ba6c65acc7be638aa510","voices":48,"grainFrames":48,"birthsPerBlockX1000":48000}
{"type":"births","config":"births:48 voices, 20 ms","input":"plucks_12s","cache":"warm","forceFlush":false,"exactLoad":true,"blocks":10000,"frames":480000,"sum":3090547783,"mean":309054,"min":46003,"p50":290161,"p90":392907,"p99":402809,"p999":405243,"max":407407,"maxBlock":3957,"hash":"4c01953f1f602fae63083a9f0b80cec7b528316a0705ca89256827f29d8cbc70","voices":48,"grainFrames":960,"birthsPerBlockX1000":2400}
{"type":"births","config":"births:16 voices, 1 ms","input":"plucks_12s","cache":"warm","forceFlush":false,"exactLoad":true,"blocks":10000,"frames":480000,"sum":2023175818,"mean":202317,"min":130188,"p50":183825,"p90":285800,"p99":288487,"p999":289957,"max":291589,"maxBlock":7525,"hash":"cc8784a49f80626a5c5c720d3e3815fe5e9363ee0bc4f15bbe502585051b5948","voices":16,"grainFrames":48,"birthsPerBlockX1000":16000}
{"type":"births","config":"births:16 voices, 20 ms","input":"plucks_12s","cache":"warm","forceFlush":false,"exactLoad":true,"blocks":10000,"frames":480000,"sum":1438537813,"mean":143853,"min":36634,"p50":126687,"p90":225412,"p99":227609,"p999":228385,"max":229348,"maxBlock":6026,"hash":"98d8d2852d7c508c48de8e714cf2475e8eff1e0a83e11c45951f96ddb897513d","voices":16,"grainFrames":960,"birthsPerBlockX1000":800}
{"type":"tail","config":"golden:strums_tail_123s/tail_post_fb","input":"strums_tail_123s","cache":"warm","forceFlush":false,"exactLoad":true,"blocks":123000,"frames":5904000,"sum":18268793040,"mean":148526,"min":91278,"p50":130406,"p90":231280,"p99":236208,"p999":256237,"max":261457,"maxBlock":2415,"hash":"2227acb0df4ff2b88a1e067ee025c1cb825b76460049f7a10ae8af51b194e57e","tailStartBlock":3000,"active":{"firstBlock":0,"blocks":3000,"sum":454564823,"mean":151521,"min":91278,"p50":134231,"p90":233046,"p99":237792,"p999":259694,"max":261457,"maxBlock":2415},"tail":{"firstBlock":3000,"blocks":120000,"sum":17814228217,"mean":148451,"min":114119,"p50":130362,"p90":231210,"p99":236049,"p999":256217,"max":261089,"maxBlock":85685}}
{"type":"tail","config":"noise-tail:pessimistic, feedback 0.95","input":"2 s noise + 120 s silence","cache":"warm","forceFlush":false,"exactLoad":true,"blocks":122000,"frames":5856000,"sum":58041922559,"mean":475753,"min":123954,"p50":470042,"p90":559606,"p99":614035,"p999":639374,"max":687115,"maxBlock":18506,"hash":"a11b5941da3892893107cbfba3dbceb9c13aa9e2023752089468fa8de27ed95e","tailStartBlock":2000,"active":{"firstBlock":0,"blocks":2000,"sum":941522659,"mean":470761,"min":123954,"p50":465830,"p90":553904,"p99":607436,"p999":638450,"max":646610,"maxBlock":1695},"tail":{"firstBlock":2000,"blocks":120000,"sum":57100399900,"mean":475836,"min":300803,"p50":470112,"p90":559684,"p99":614121,"p999":639440,"max":687115,"maxBlock":18506}}
{"type":"bench-end","suite":"run","cycles":175295206335,"fpscr":536870928,"droppedBytes":0,"droppedLines":0}
