{"type": "hello", "image": "bench", "format": "brainscape-hil/1", "soundRevision": 1, "build": {"commit": "a91aa8ad64c7", "dirty": false, "appType": "BOOT_QSPI", "libDaisy": "v9.0.0 08087203debc646d3710ec8caa35bac6cf20ab5e", "toolchain": "arm-none-eabi-gcc 10.3.1 20210824 (release)", "engineArchiveSha256": "4f4ddaa3583e46f29b84a008f5a80ad0938cacf05f2e961f70b1595ebf69da58", "hooksArchiveSha256": "da7b4f2e9b44aef70f52ab404b95f9d1015a9bd0996c462ed26c521cd1875a4f", "engineToolchain": {"compiler": "gcc", "version": "10.3.1 20210824 (release)", "target": "armv7e-m-none", "fpFlags": "-fno-fast-math -ffp-contract=off -fno-math-errno -mcpu=cortex-m7 -mthumb -mfpu=fpv5-d16 -mfloat-abi=hard -ffp-contract=off -fno-math-errno", "fpFlagsHash": "b5dd86f24f5deffa"}}, "board": {"version": "Daisy Seed 1.2 / rev7 (PCM3060; PD5 strap)", "rev7": true, "sysclkHz": 480000000, "hclkHz": 240000000, "bootRegion": "QSPI flash", "bootloader": "Daisy bootloader >= v6.1", "audio": {"sampleRate": 48000, "saiRate48k": true, "blockSize": 48, "bitDepth": 24, "codec": "PCM3060 (hardware mode, reset on PB11)"}, "cpuid": "0x411FC271", "idcode": "0x20036450"}, "fp": {"fpscr": "0x00000010", "fpdscr": "0x00000000", "fpccr": "0xC0000078"}, "cpu": {"ccr": "0x00070200", "icache": true, "dcache": true, "mpuCtrl": "0x00000005", "mpu": [{"region": 0, "rbar": "0x30000000", "rasr": "0x030C001D"}, {"region": 1, "rbar": "0xC0000001", "rasr": "0x03030033"}, {"region": 2, "rbar": "0x38800002", "rasr": "0x030C0017"}], "qspi": {"cr": "0x01400001", "dcr": "0x00160100", "ccr": "0x1F18EDEB"}, "memFunctions": {"source": "firmware/platform/MemFunctions.c (word-wise)", "memset": "0x900541B1", "in": "QSPI"}}, "lastFault": null, "uptimeMs": 3527, "memory": {"image": {"start": "0x90040000", "bytes": 220552}, "text": {"start": "0x900402A0", "bytes": 218244}, "data": {"start": "0x2402A400", "bytes": 1572}, "bss": {"start": "0x2402AA28", "bytes": 37792}, "dtcmArenas": {"start": "0x20000000", "bytes": 33792}, "axiArenas": {"start": "0x24000000", "bytes": 173056}, "d2Dma": {"start": "0x30000000", "bytes": 16384}, "sdramArenas": {"start": "0xC0000000", "bytes": 18941792}, "heap": {"start": "0xC1210760", "bytes": 48167072, "used": 143412}, "stackTop": "0x20020000", "hot": {"start": "0x20002400", "bytes": 24576}, "engine": {"start": "0x20000800", "bytes": 7168}, "warm": {"start": "0x24008400", "bytes": 139264}, "bulk": {"start": "0xC0110760", "bytes": 17825792}}, "target": "brainscape_bench_xip", "engineCode": "XIP", "hooks": false}
{"type":"bench-begin","suite":"run","target":"brainscape_bench_xip","engineCode":"XIP","hooks":false,"clockHz":480000000,"blockFrames":48,"budgetCyclesPerBlock":480000,"measurementOverhead":1,"engineArchiveSha256":"4f4ddaa3583e46f29b84a008f5a80ad0938cacf05f2e961f70b1595ebf69da58","firmwareCommit":"a91aa8ad64c7","firmwareDirty":false,"cpu":{"ccr":"0x00070200","icache":true,"dcache":true,"mpuCtrl":"0x00000005","mpu":[{"region":0,"rbar":"0x30000000","rasr":"0x030C001D"},{"region":1,"rbar":"0xC0000001","rasr":"0x03030033"},{"region":2,"rbar":"0x38800002","rasr":"0x030C0017"}],"qspi":{"cr":"0x01400001","dcr":"0x00160100","ccr":"0x1F18EDEB"},"memFunctions":{"source":"firmware/platform/MemFunctions.c (word-wise)","memset":"0x900541B1","in":"QSPI"}}}
{"type":"memory","hotBytes":16768,"warmBytes":129680,"bulkBytes":17545216,"engineBytes":6656,"hotArena":24576,"warmArena":139264,"bulkArena":17825792,"engineSlot":7168,"map":{"image":{"start":"0x90040000","bytes":220552},"text":{"start":"0x900402A0","bytes":218244},"data":{"start":"0x2402A400","bytes":1572},"bss":{"start":"0x2402AA28","bytes":37792},"dtcmArenas":{"start":"0x20000000","bytes":33792},"axiArenas":{"start":"0x24000000","bytes":173056},"d2Dma":{"start":"0x30000000","bytes":16384},"sdramArenas":{"start":"0xC0000000","bytes":18941792},"heap":{"start":"0xC1210760","bytes":48167072,"used":143412},"stackTop":"0x20020000","hot":{"start":"0x20002400","bytes":24576},"engine":{"start":"0x20000800","bytes":7168},"warm":{"start":"0x24008400","bytes":139264},"bulk":{"start":"0xC0110760","bytes":17825792}}}
{"type":"micro","name":"vmul normal","fz":0,"instructions":160000,"cycles":480782}
{"type":"micro","name":"vmul normal","fz":1,"instructions":160000,"cycles":480928}
{"type":"micro","name":"vmul subnormal operand and result","fz":0,"instructions":160000,"cycles":480474}
{"type":"micro","name":"vmul subnormal operand and result","fz":1,"instructions":160000,"cycles":480007}
{"type":"micro","name":"vmul pair, normal throughout","fz":0,"instructions":160000,"cycles":480656}
{"type":"micro","name":"vmul pair, normal throughout","fz":1,"instructions":160000,"cycles":480515}
{"type":"micro","name":"vmul pair, every other result subnormal (underflow)","fz":0,"instructions":160000,"cycles":480338}
{"type":"micro","name":"vmul pair, every other result subnormal (underflow)","fz":1,"instructions":160000,"cycles":480007}
{"type":"micro","name":"vadd normal (+0)","fz":0,"instructions":160000,"cycles":480383}
{"type":"micro","name":"vadd normal (+0)","fz":1,"instructions":160000,"cycles":480006}
{"type":"micro","name":"vadd subnormal operand and result (+0)","fz":0,"instructions":160000,"cycles":480006}
{"type":"micro","name":"vadd subnormal operand and result (+0)","fz":1,"instructions":160000,"cycles":480006}
{"type":"micro","name":"vadd/vsub pair, normal throughout","fz":0,"instructions":160000,"cycles":480451}
{"type":"micro","name":"vadd/vsub pair, normal throughout","fz":1,"instructions":160000,"cycles":480451}
{"type":"micro","name":"vadd/vsub pair, subnormal operands and results (nonzero addend)","fz":0,"instructions":160000,"cycles":480451}
{"type":"micro","name":"vadd/vsub pair, subnormal operands and results (nonzero addend)","fz":1,"instructions":160000,"cycles":480451}
{"type":"micro","name":"vdiv normal","fz":0,"instructions":160000,"cycles":2880210}
{"type":"micro","name":"vdiv normal","fz":1,"instructions":160000,"cycles":2880014}
{"type":"micro","name":"vdiv subnormal dividend and result","fz":0,"instructions":160000,"cycles":2880004}
{"type":"micro","name":"vdiv subnormal dividend and result","fz":1,"instructions":160000,"cycles":640005}
{"type":"micro","name":"vsqrt normal","fz":0,"instructions":160000,"cycles":2240214}
{"type":"micro","name":"vsqrt normal","fz":1,"instructions":160000,"cycles":2240214}
{"type":"micro","name":"vsqrt subnormal operand","fz":0,"instructions":160000,"cycles":2240007}
{"type":"micro","name":"vsqrt subnormal operand","fz":1,"instructions":160000,"cycles":160010}
{"type":"micro","name":"vmul.f64 normal","fz":0,"instructions":160000,"cycles":1120008}
{"type":"micro","name":"vmul.f64 normal","fz":1,"instructions":160000,"cycles":1120008}
{"type":"flush-micro","form":"none","chains":8,"updates":80000,"cycles":171637}
{"type":"flush-micro","form":"bit test (engine, FlushTiny.h)","chains":8,"updates":80000,"cycles":332472}
{"type":"flush-micro","form":"two compares","chains":8,"updates":80000,"cycles":982783}
{"type":"flush-micro","form":"none","chains":1,"updates":10000,"cycles":60197}
{"type":"flush-micro","form":"bit test (engine, FlushTiny.h)","chains":1,"updates":10000,"cycles":100067}
{"type":"flush-micro","form":"two compares","chains":1,"updates":10000,"cycles":140383}
{"type":"restart","op":"Restart","state":"after 2 s of rendering","cycles":22693847}
{"type":"restart","op":"Restart","state":"again, nothing rendered since (skips the clears)","cycles":36089}
{"type":"restart","op":"LoadPreset(Exact)","state":"after 2 s of rendering","cycles":22697766}
{"type":"restart","op":"Reset","state":"after 2 s of rendering (real-time subset)","cycles":63786}
{"type":"restart","op":"ClearHistory","state":"after rendering","cycles":22627629}
{"type":"restart","op":"raw clear, 16 MiB SDRAM","state":"memset (platform/MemFunctions.c)","cycles":21588261}
{"type":"restart","op":"raw clear, 16 MiB SDRAM","state":"STM loop, 8 registers (hardware floor)","cycles":21586476}
{"type":"restart","op":"Init","state":"canonical config, maxBlockSize 48","cycles":24184858}
{"type":"blocks","config":"default","input":"plucks_12s","cache":"warm","forceFlush":false,"exactLoad":true,"blocks":10000,"frames":480000,"sum":981923558,"mean":98192,"min":33407,"p50":77933,"p90":177115,"p99":203342,"p999":216090,"max":227987,"maxBlock":1557,"hash":"fec44a870dc323a07917605708876821b20217e94b130e4f69ed428cd72f232e"}
{"type":"blocks","config":"default","input":"plucks_12s","cache":"cold","forceFlush":false,"exactLoad":true,"blocks":10000,"frames":480000,"sum":1586320252,"mean":158632,"min":89313,"p50":135797,"p90":239041,"p99":283429,"p999":295553,"max":308101,"maxBlock":9834,"hash":"fec44a870dc323a07917605708876821b20217e94b130e4f69ed428cd72f232e"}
{"type":"blocks","config":"nominal","input":"strums_16s","cache":"warm","forceFlush":false,"exactLoad":true,"blocks":10000,"frames":480000,"sum":4242985202,"mean":424298,"min":178402,"p50":405315,"p90":516721,"p99":529903,"p999":536122,"max":540237,"maxBlock":5845,"hash":"f8fa8b39c1cd4767801f9534f778895ef3e64ecf14eb44d5a399bdf35c0bd8ca"}
{"type":"blocks","config":"nominal","input":"strums_16s","cache":"cold","forceFlush":false,"exactLoad":true,"blocks":10000,"frames":480000,"sum":5144983548,"mean":514498,"min":237653,"p50":495957,"p90":604169,"p99":616793,"p999":622941,"max":627261,"maxBlock":6330,"hash":"f8fa8b39c1cd4767801f9534f778895ef3e64ecf14eb44d5a399bdf35c0bd8ca"}
{"type":"blocks","config":"pess_render","input":"onset_bursts_6s","cache":"warm","forceFlush":false,"exactLoad":true,"blocks":6000,"frames":288000,"sum":2951194982,"mean":491865,"min":182419,"p50":499196,"p90":594327,"p99":678601,"p999":709725,"max":718953,"maxBlock":3402,"hash":"d97c14dec7813eb032f32a441132364b0c271f6e45d5e69658f77be903b4acea"}
{"type":"blocks","config":"pess_render","input":"onset_bursts_6s","cache":"cold","forceFlush":false,"exactLoad":true,"blocks":6000,"frames":288000,"sum":3478612152,"mean":579768,"min":252505,"p50":587021,"p90":683353,"p99":768449,"p999":800381,"max":819445,"maxBlock":1482,"hash":"d97c14dec7813eb032f32a441132364b0c271f6e45d5e69658f77be903b4acea"}
{"type":"blocks","config":"pess_births","input":"onset_bursts_6s","cache":"warm","forceFlush":false,"exactLoad":true,"blocks":6000,"frames":288000,"sum":3820907630,"mean":636817,"min":462227,"p50":628053,"p90":732739,"p99":806459,"p999":845952,"max":881216,"maxBlock":5007,"hash":"df87b7b784e4478290026683955dca8ee293b758dbae6fabb68dd9d9000acf54"}
{"type":"blocks","config":"pess_births","input":"onset_bursts_6s","cache":"cold","forceFlush":false,"exactLoad":true,"blocks":6000,"frames":288000,"sum":4368198320,"mean":728033,"min":473793,"p50":719017,"p90":826017,"p99":899625,"p999":943325,"max":973473,"maxBlock":5007,"hash":"df87b7b784e4478290026683955dca8ee293b758dbae6fabb68dd9d9000acf54"}
{"type":"blocks","config":"pess_events: sweeps every block, triggers, freeze, loads","input":"strums_16s","cache":"warm","forceFlush":false,"exactLoad":true,"blocks":10000,"frames":480000,"sum":5182647574,"mean":518264,"min":355755,"p50":501933,"p90":606487,"p99":684843,"p999":765791,"max":854923,"maxBlock":4000,"hash":"1ecde7518d6d3107f4bb2e833c2e956e25ed49bc7d808d6d2f89fa92fecc760b","eventsPushed":30177,"eventsRefused":0}
{"type":"blocks","config":"pess_events: sweeps every block, triggers, freeze, loads","input":"strums_16s","cache":"cold","forceFlush":false,"exactLoad":true,"blocks":10000,"frames":480000,"sum":5951595908,"mean":595159,"min":430209,"p50":581933,"p90":685757,"p99":763741,"p999":852941,"max":929953,"maxBlock":4000,"hash":"1ecde7518d6d3107f4bb2e833c2e956e25ed49bc7d808d6d2f89fa92fecc760b","eventsPushed":30177,"eventsRefused":0}
{"type":"blocks","config":"corpus:tail_post_fb","input":"strums_16s","cache":"warm","forceFlush":false,"exactLoad":true,"blocks":10000,"frames":480000,"sum":1751319030,"mean":175131,"min":106287,"p50":153793,"p90":257289,"p99":287024,"p999":299283,"max":314700,"maxBlock":421,"hash":"614061f18189722a93ccda2bc56b9f6f92be66161e695f8cdccd955b1581eb6d"}
{"type":"blocks","config":"corpus:tail_post_fb","input":"strums_16s","cache":"cold","forceFlush":false,"exactLoad":true,"blocks":10000,"frames":480000,"sum":2494257356,"mean":249425,"min":182309,"p50":226057,"p90":330349,"p99":374837,"p999":386677,"max":399529,"maxBlock":421,"hash":"614061f18189722a93ccda2bc56b9f6f92be66161e695f8cdccd955b1581eb6d"}
{"type":"blocks","config":"corpus:pitch_reverse_spray","input":"plucks_12s","cache":"warm","forceFlush":false,"exactLoad":true,"blocks":10000,"frames":480000,"sum":2805223917,"mean":280522,"min":43534,"p50":271098,"p90":360212,"p99":409416,"p999":425619,"max":439664,"maxBlock":5429,"hash":"63d31573231e93638864ddad7e2f267144075eb51ec9929fd1b8db3cb9569b81"}
{"type":"blocks","config":"corpus:pitch_reverse_spray","input":"plucks_12s","cache":"cold","forceFlush":false,"exactLoad":true,"blocks":10000,"frames":480000,"sum":3497331364,"mean":349733,"min":98957,"p50":346613,"p90":428225,"p99":493273,"p999":510321,"max":522465,"maxBlock":5429,"hash":"63d31573231e93638864ddad7e2f267144075eb51ec9929fd1b8db3cb9569b81"}
{"type":"blocks","config":"corpus:max_delay_spray_rev_up24","input":"plucks_12s","cache":"warm","forceFlush":false,"exactLoad":true,"blocks":10000,"frames":480000,"sum":1254773118,"mean":125477,"min":36667,"p50":109837,"p90":206991,"p99":216555,"p999":238654,"max":248544,"maxBlock":5525,"hash":"0fb8ae171f75d9fdfd926b957e10fbcf7003a712da7147766b665accde91f5e0"}
{"type":"blocks","config":"corpus:max_delay_spray_rev_up24","input":"plucks_12s","cache":"cold","forceFlush":false,"exactLoad":true,"blocks":10000,"frames":480000,"sum":1863028096,"mean":186302,"min":92301,"p50":169841,"p90":271113,"p99":279021,"p999":320857,"max":330725,"maxBlock":5525,"hash":"0fb8ae171f75d9fdfd926b957e10fbcf7003a712da7147766b665accde91f5e0"}
{"type":"blocks","config":"corpus:dense_1ms","input":"onset_bursts_6s","cache":"warm","forceFlush":false,"exactLoad":true,"blocks":6000,"frames":288000,"sum":2488350407,"mean":414725,"min":286187,"p50":404276,"p90":503691,"p99":554990,"p999":577495,"max":605182,"maxBlock":5007,"hash":"12dde00953562d4781a4aab106746f069392940922c9fbc67b217b9414001903"}
{"type":"blocks","config":"corpus:dense_1ms","input":"onset_bursts_6s","cache":"cold","forceFlush":false,"exactLoad":true,"blocks":6000,"frames":288000,"sum":3016269396,"mean":502711,"min":320497,"p50":492173,"p90":590765,"p99":642593,"p999":668029,"max":695685,"maxBlock":5007,"hash":"12dde00953562d4781a4aab106746f069392940922c9fbc67b217b9414001903"}
{"type":"stage","config":"stages:all stages","input":"onset_bursts_6s","cache":"warm","forceFlush":false,"exactLoad":true,"blocks":6000,"frames":288000,"sum":2951462520,"mean":491910,"min":184754,"p50":499537,"p90":594435,"p99":678553,"p999":708987,"max":724517,"maxBlock":3402,"hash":"d97c14dec7813eb032f32a441132364b0c271f6e45d5e69658f77be903b4acea"}
{"type":"stage","config":"stages:-modulation","input":"onset_bursts_6s","cache":"warm","forceFlush":false,"exactLoad":true,"blocks":6000,"frames":288000,"sum":2871534894,"mean":478589,"min":169019,"p50":485895,"p90":580665,"p99":665270,"p999":693708,"max":710341,"maxBlock":5903,"hash":"a088b40912086271a7f7aff3cbe84f102a5ae663796a7fc9cd18265aafac5ca0"}
{"type":"stage","config":"stages:-post delay","input":"onset_bursts_6s","cache":"warm","forceFlush":false,"exactLoad":true,"blocks":6000,"frames":288000,"sum":2844340228,"mean":474056,"min":168670,"p50":481501,"p90":576521,"p99":660693,"p999":690889,"max":704129,"maxBlock":3402,"hash":"cf4732812602dbd7d984ab715bbb4b8ca2441f4212d0d02d9dbd7c47d8a0404d"}
{"type":"stage","config":"stages:-reverb","input":"onset_bursts_6s","cache":"warm","forceFlush":false,"exactLoad":true,"blocks":6000,"frames":288000,"sum":2766777717,"mean":461129,"min":150773,"p50":468885,"p90":562155,"p99":645959,"p999":678285,"max":693453,"maxBlock":1482,"hash":"6d39c847192a052929d58dc640fe50d1753fb77a00ec36fd560548a48c06e959"}
{"type":"stage","config":"stages:-filter","input":"onset_bursts_6s","cache":"warm","forceFlush":false,"exactLoad":true,"blocks":6000,"frames":288000,"sum":2832157503,"mean":472026,"min":164276,"p50":479408,"p90":573742,"p99":657575,"p999":686020,"max":700812,"maxBlock":3402,"hash":"b82ca23fafb2866d2a7afead7bb9aa9c61b4512627765e708051016ab09ef8fa"}
{"type":"stage","config":"stages:-feedback","input":"onset_bursts_6s","cache":"warm","forceFlush":false,"exactLoad":true,"blocks":6000,"frames":288000,"sum":2925930429,"mean":487655,"min":184951,"p50":495148,"p90":589022,"p99":673241,"p999":706941,"max":717049,"maxBlock":3402,"hash":"df233c3e5fbd9a36fe0d25037fb747b762fcc6e015dea24376605a1d20a18097"}
{"type":"stage","config":"stages:-onset grains and marks","input":"onset_bursts_6s","cache":"warm","forceFlush":false,"exactLoad":true,"blocks":6000,"frames":288000,"sum":3209880257,"mean":534980,"min":185423,"p50":527821,"p90":628121,"p99":687649,"p999":717797,"max":737905,"maxBlock":2629,"hash":"683d2138baa8cd9bcc11f62bf0424301857c7c1f336e9ef62ce975c41eff4702"}
{"type":"stage","config":"stages:-pitch (r = 1)","input":"onset_bursts_6s","cache":"warm","forceFlush":false,"exactLoad":true,"blocks":6000,"frames":288000,"sum":2817260591,"mean":469543,"min":177399,"p50":461601,"p90":561407,"p99":612495,"p999":633919,"max":650990,"maxBlock":3647,"hash":"4b02cf5a4d5a989fa0e524b73e95c2fc2b878ea292e5303f09cdd76010739469"}
{"type":"stage","config":"stages:-grains (1 voice)","input":"onset_bursts_6s","cache":"warm","forceFlush":false,"exactLoad":true,"blocks":6000,"frames":288000,"sum":797028834,"mean":132838,"min":92799,"p50":111731,"p90":215683,"p99":243063,"p999":265005,"max":274261,"maxBlock":5077,"hash":"8863887078fec8ba5041165633d5526d8d2467fb522b448f996bff41b017f0a5"}
{"type":"births","config":"births:48 voices, 1 ms","input":"plucks_12s","cache":"warm","forceFlush":false,"exactLoad":true,"blocks":10000,"frames":480000,"sum":6234390941,"mean":623439,"min":459947,"p50":602003,"p90":723031,"p99":732223,"p999":737747,"max":746059,"maxBlock":7631,"hash":"a063f1882cd15738b99a6c9af69d462c344500549203ba6c65acc7be638aa510","voices":48,"grainFrames":48,"birthsPerBlockX1000":48000}
{"type":"births","config":"births:48 voices, 20 ms","input":"plucks_12s","cache":"warm","forceFlush":false,"exactLoad":true,"blocks":10000,"frames":480000,"sum":3355551804,"mean":335555,"min":84082,"p50":316273,"p90":423467,"p99":435019,"p999":439373,"max":442781,"maxBlock":3957,"hash":"4c01953f1f602fae63083a9f0b80cec7b528316a0705ca89256827f29d8cbc70","voices":48,"grainFrames":960,"birthsPerBlockX1000":2400}
{"type":"births","config":"births:16 voices, 1 ms","input":"plucks_12s","cache":"warm","forceFlush":false,"exactLoad":true,"blocks":10000,"frames":480000,"sum":2275659147,"mean":227565,"min":190593,"p50":208454,"p90":315533,"p99":321080,"p999":324462,"max":325399,"maxBlock":2346,"hash":"cc8784a49f80626a5c5c720d3e3815fe5e9363ee0bc4f15bbe502585051b5948","voices":16,"grainFrames":48,"birthsPerBlockX1000":16000}
{"type":"births","config":"births:16 voices, 20 ms","input":"plucks_12s","cache":"warm","forceFlush":false,"exactLoad":true,"blocks":10000,"frames":480000,"sum":1620816120,"mean":162081,"min":59478,"p50":146299,"p90":248821,"p99":253881,"p999":256057,"max":258827,"maxBlock":6026,"hash":"98d8d2852d7c508c48de8e714cf2475e8eff1e0a83e11c45951f96ddb897513d","voices":16,"grainFrames":960,"birthsPerBlockX1000":800}
{"type":"tail","config":"golden:strums_tail_123s/tail_post_fb","input":"strums_tail_123s","cache":"warm","forceFlush":false,"exactLoad":true,"blocks":123000,"frames":5904000,"sum":20935474345,"mean":170207,"min":108940,"p50":148651,"p90":253803,"p99":282725,"p999":297439,"max":313904,"maxBlock":120975,"hash":"2227acb0df4ff2b88a1e067ee025c1cb825b76460049f7a10ae8af51b194e57e","tailStartBlock":3000,"active":{"firstBlock":0,"blocks":3000,"sum":523457062,"mean":174485,"min":108940,"p50":153314,"p90":257325,"p99":286863,"p999":294527,"max":310891,"maxBlock":421},"tail":{"firstBlock":3000,"blocks":120000,"sum":20412017283,"mean":170100,"min":127499,"p50":148507,"p90":253707,"p99":282632,"p999":297439,"max":313904,"maxBlock":120975}}
{"type":"tail","config":"noise-tail:pessimistic, feedback 0.95","input":"2 s noise + 120 s silence","cache":"warm","forceFlush":false,"exactLoad":true,"blocks":122000,"frames":5856000,"sum":64933233886,"mean":532239,"min":187794,"p50":526521,"p90":620769,"p99":681587,"p999":710089,"max":760377,"maxBlock":18506,"hash":"a11b5941da3892893107cbfba3dbceb9c13aa9e2023752089468fa8de27ed95e","tailStartBlock":2000,"active":{"firstBlock":0,"blocks":2000,"sum":1058295972,"mean":529147,"min":187794,"p50":523863,"p90":620521,"p99":676205,"p999":705233,"max":721785,"maxBlock":1695},"tail":{"firstBlock":2000,"blocks":120000,"sum":63874937914,"mean":532291,"min":329413,"p50":526568,"p90":620771,"p99":681667,"p999":710089,"max":760377,"maxBlock":18506}}
{"type":"bench-end","suite":"run","cycles":203650293711,"fpscr":536870928,"droppedBytes":0,"droppedLines":0}
